# START_TEST
# NAME ListHugeNodes
# test a graph can be loaded and correctly list edges for a node.

# Create a graph and load data
loaded graph heros

heros contains:  24-HOUR MAN/EMMANUEL 3-D MAN/CHARLES CHAN 4-D MAN/MERCURIO 8-BALL/ A A'YIN ABBOTT, JACK ABCISSA ABEL ABOMINATION | MUTANT ABOMINATION/EMIL BLO ABOMINATRIX ABRAXAS ABSALOM ABSORBING MAN | MUTA ABSORBING MAN/CARL C ACBA ACHEBE, REVEREND DOC ACHILLES ACHILLES II/HELMUT ACROBAT/CARL ZANTE ADAM 3,031 ADAM X ADAMS, CINDY ADAMS, CONGRESSMAN H ADAMS, GEORGE ADAMS, MARTHA ADAMS, NICOLE NIKKI ADAMSON, JASON ADAMSON, REBECCA ADMIRAL PROTOCOL/ ADORA ADORA CLONE ADRIA ADVA ADVENT/KYLE GROBE ADVERSARY AEGIS/TREY ROLLINS AENTAROS AFTERLIFE AGAMEMNON AGAMEMNON II/ANDREI  AGAMEMNON III/ AGAMOTTO AGARN, CAPT. AGED GENGHIS AGEE, DR. AUBREY AGEE, REBECCA AGENT 18/JACK TRUMAN AGENT AXIS/ AGENT-X/ AGGAMON AGINAR AGON AGONY/ AGUIRRE, ISOBEL AHAB/RORY CAMPBELL AHQLAU AHURA AI-CHIA AINET AIR WALKER/ARLO SAMU AIR-WALKER/GABRIEL L AIRBORNE/ AIREO/AEOLUS [INHUMA AJAK/TECUMOTZIN [ETE AJAX AJAX II AJES'HA AKAFE AKULIA AKUTAGAWA, OSAMU AL-KHALAD ALANYA ALBERIK ALBERT ALBINO/DR. AUGUSTA S ALBUQUERQUE, JEREMIA ALCHEMY/THOMAS JONES ALDEN, PROF. MEREDIT ALEGRIA, RICHIE ALEXANDER, CALEB ALEXANDER, CARRIE ALFY ALIOTH ALIST ALISTRO ALLEN, TERRY ALOUETTE, GENARD ALPHA ALRAUNE, MARLENE ALVAREZ, CARLY ALVAREZ, FELIX ALVAREZ, PAUL AMAZO-MAXI-WOMAN/ AMAZON AMENHOTEP AMERICAN EAGLE II/JA AMERICAN EAGLE III/J AMERICAN SAMURAI/ AMERICOP/ AMIKO AMINEDI AMPERE/ AMPHARON AMPHIBIAN/KINGLEY RI AMPHIBIUS ANACONDA/BLANCHE SIT ANAIS ANAK ANALYZER ANAMI, HIROSHI ANANASTASIA/ANNA ANARCHIST/TIKE ALICA ANCESTOR/ ANCIENT ONE ANCIENT ONE/BARON MO ANDERS, JOSHUA RICHI ANDERSON, BAXTER ANDERSON, CHARLES ANDERSON, CHET ANDERSON, CHIEF MAGI ANDERSON, GINA ANDERSON, MARJORIE ANDERSON, NICKY ANDERSSEN, TANYA ANDREWS, DARYL TROOP ANDROMEDA/ANDROMEDA  ANGAR THE SCREAMER/D ANGEL III/HALLOWAY ANGEL/WARREN KENNETH ANIMATOR II/ ANT-MAN II/SCOTT HAR ANT-MAN/DR. HENRY J. APE-X/XINA APOCALYPSE/EN SABAH  APOLLO [GREEK GOD] APPALLA AQUARIAN/WUNDARR ARABIAN KNIGHT/ABDUL ARAGORN ARAKI [SHI'AR] ARBOGAST, BAMBI ARCADIUS ARCANNA/ARCANNA JONE ARCLIGHT/PHILLIPA SO ARES [GREEK GOD] ARIDES ARIES II/GROVER RAYM ARISHEM [CELESTIAL] ARMADILLO/ANTONIO RO ARMBRUSTER, COLONEL  ARMSTRONG, MYRA ARRANGER/ ARSENAL II ARYAN ASHUR ASMODEUS ASP II/CLEO ASTER, LUCIAN ASTROVIK, ARNOLD ATALANTA ATALON ATHENA [GREEK GOD] ATLAS III ATOR, GENERAL ATTRACTIVE LAD/AUNDR ATTUMA AURORA/JEANNE-MARIE  AUSTIN, GEN. AUSTIN, SUSAN AUTHIER, POLICE CHIE AVALANCHE/DOMINIC PE AVIA AVIOS AVIUS AXE/ AYESHA AZAZEL B'KOSA, GEN. JONATHA BAKER BALDER [ASGARDIAN] BALDWIN, JUSTIN BALDWIN, MADELYNE MA BALLANTINE, KAYLA BANNER, BETTY ROSS T BANNON, LANCE BANSHEE 2013 BANSHEE/SEAN CASSIDY BANTOCK, LT. OLIVER BARAK BARBARUS BARON BLOOD II/VICTO BARON MORDO/KARL MOR BARONESS ZEMO/HEIKE BARRACUDA/ BARRENOS, OMAR BARRIER/ BARROWS, WALTER BARTOS BASALLO/LAVA MEN KIN BASALTAR BASILISK III/ BATAL/ BATROC/GEORGES BATRO BATTERING RAM BATTLE, MONTGOMERY BATTLEAXE/ BATTLESTAR/LEMAR HOS BAXTER, NOAH BAYLOR, FRANK BEACH, GINGER BEACH, SPIDER BEAST/HENRY &HANK& P BEAUTY BEDLAM/JESSE AARONSO BEEF/ BEEFER BEETLE/ABNER RONALD  BEHEMOTH BEL-DANN, GEN. BELGRADE, DR. HORATI BELLAM BENGAL/ BENNING, VERONICA BENTLEY, VICTORIA BENTON, TERRY BEREET BERENGHETTI, MICHAEL BERENGHETTI, SUSAN BERGER, PROF. BERGIER, REBECCA BERKELEY, TRAVIS BERNIE BERNSTEIN, DR. NOAH BETA RAY BILL BETA RAY BILL | MUTA BETTY-6 BEVATRON/ BEYONDER BEYONDER | MUTANT X- BI-BEAST II BINARY/CAROL DANVERS BIOHAZARD II/FLETCHE BIRD MAN III/ BISHOP / BIZEN BLACK BOLT | MUTANT  BLACK BOLT/BLACKANTO BLACK CAT/FELICIA HA BLACK GOLIATH/DR. WI BLACK KNIGHT IV/PROF BLACK KNIGHT V/DANE  BLACK MAMBA/TANYA SE BLACK PANTHER | MUTA BLACK PANTHER/T'CHAL BLACK RAAZER/ BLACK RACER/ BLACK SPECTRE/CARSON BLACK TOM CASSIDY BLACK WIDOW/NATASHA  BLACKBIRD/ BLACKBODY BLACKHEART BLACKOUT/MARCUS DANI BLACKSHEAR, JONAS BLACKWING II/ BLACKWING/JOSEPH MAN BLAIRE, CARTER BLAKE, DR. DONALD BLAKE, DR. DONALD (C BLAQUESMITH BLASTAAR BLASTING CAP/ BLAZE, ROXANNE SIMPS BLESSING, MORGANA BLIND AL/ALTHEA BLITZIANA BLITZKRIEG/ BLIZZARD II/DONALD G BLOB/FRED J. DUKES BLOCKADE/DEXTER PARI BLOK BLOKE/MICKEY TORK BLOODAXE/JACKIE LUKU BLOODLUST BLOODSCREAM BLOODSTORM | MUTANT  BLOODVESSEL, BUSTA BLOODY MARY BLUE SHIELD/JOSEPH J BLUNT BLURRY BOLT II/CHRIS BRADLE BOMBSHELL/ BONEBREAKER/ BOOBYTRAP/ BOOMER/TABITHA SMITH BOOMERANG/FRED MYERS BOOMSLANG/ BORA BOUDREAUX, BELLA DON BOUDREAUX, MARIUS BOUNTY II BOVA BRAINCHILD BRAINY BRANNEX, ALLESSANDRO BRAWLER BREAKER/RAAK BREEGAN BRICKMAN, SEN. MILES BRIDGE, GEORGE WASHI BRIGHTSWORD/CARTER D BRIGHTWIND BROOP BROTHER TODE BROTHER VOODOO | MUT BROTHER VOODOO/DANIE BROTHERS GRIMM II/BA BRUKNER, ILANEY BRUTE | MUTANT X-VER BUCHOVITZ, STANLEY & BUCKY VI/ BUCKY/BUCKY BARNES BULLDOZER/HENRY CAMP BULLSEYE II/BENJAMIN BURKE BURKE, RICKY BUSH, GEORGE BUSHMAN, RAOUL BUSHMASTER II/QUINCY BUSIEK, KURT BUTCH BUTTERFLY BUX BYRD, SEN. HARRINGTO BYRRAH [ATLANTEAN] BYRRAH | HEROES REBO C.F. CABE, BETHANY CABER CADUCEUS CAGE, LUKE/CARL LUCA CALCULUS/JAHAHAREL P CALEDONIA/ALISANDE S CALIBAN/ CALLISTO CANDRA CANNONBALL II/SAM GU CANTOR, VERA CAPTAIN AMERICA CAPTAIN AMERICA | MU CAPTAIN BRITAIN/BRIA CAPTAIN HAWK CAPTAIN MARVEL II/MO CAPTAIN MARVEL III/G CAPTAIN MARVEL/CAPTA CAPTAIN RECTITUDE CARDINAL/CLEMDENON CARGIL/JOANNA CARGIL CARLISLE, JENNA CARMODY, MRS. CARPENTER, RACHEL CARTER, PEGGY CARTER, SHARON CASE, COL. PRESTON CASPER CASSIOPEIA CATHODE/ CATSEYE/SHARON SMITH CELESTE CENTARIUS CENTURY CENTURY, TURNER D. CERISE II [SHI'AR] CHAINSAW/ CHAKARA, KANU CHALMERS, CYNTHIA CHALMERS, JUDGE ROBE CHAMBER/JONOTHON STA CHANEY, AMANDA CHANG, IMEI CHAPMAN, DEVIN CHAR CHARCOAL/CHARLIE BUR CHARLIE CHARM CHATTERTON, DAVE CHEETAH CHEKOV, ARTHUR ANTON CHEN CHENEY, LILA CHIRA CHLOE CHONDU CHORD, ANDREW CHROME/ CHURCH, LYNN CINDER/ CIRE, EYLA CIRE, EZRA CIRE, MANUEL CITIZEN V II/HELMUT  CITIZEN V/JOHN WATKI CLARITY/ CLARK, JOHN CLARK, SARAH CLARKE, GENERAL JERE CLAY, GORDON CLEA CLEARWATER, JUDGE MA CLEOPATRA CLINTON, BILL CLOAK/TYRONE JOHNSON CLOUD CLOWN/CRAFTY ELIOT F COACH COACHWHIP COBRA/KLAUS VORHEES COBWEB COCKROACH/ COLE, WADE COLLECTIVE MAN COLLECTOR/TANELEER T COLLINS, DEMITRIUS COLOSSUS II/PETER RA COMET/HARRIS MOORE CONAN, NEAL CONOVER, ALYSSA CONSTRICTOR/FRANK PA CONWAY, GERRY COOPER, DR. VALERIE COOPER, ROGER CAPS COOPER, WHITNEY III COPPERHEAD III/DAVIS COPPERHEAD IV/ COPYCAT/VANESSA CORSAIR CORTEZ, FABIAN COTTONMOUTH II COUNT NEFARIA, LUCHI COUNTERWEIGHT II/KAT COUNTERWEIGHT/JACK P COURIER/JACOB GAVIN CRAIG, REV. CRAWLEY, BETRAND CREED, GRAYDON CRIMEBUSTER/FRANK MO CRIMSON COMMANDO/FRA CRIMSON DYNAMO V/DIM CRIMSON DYNAMO VI/VA CRIPPLER/KARL STRIKL CRIX CROSS, JASON CROSS-WALLACE, SIR G CROSSBONES/BROCK BIN CROWLEY CRUCIBLE/BYRON CALLE CRULE CRYSTAL [INHUMAN] CUSHING, KATE CUT CYANIDE JANE CYBELE [ETERNAL] CYBERSLIK CYBERTOOTH/YEN HSIEH CYCLONE CYCLOPS/SCOTT SUMMER CYNAS CYPHER/DOUG RAMSEY CYTTORAK D'SPAYRE D'WON DAGGER/TANDY BOWEN DAHN, FARNOQ DAMIAN, DR. DANIEL DAMIAN, MARGO DANSEN MACABRE DARE, KATHLEEN DAREDEVIL | MUTANT X DAREDEVIL/MATT MURDO DARK DARK COUNSEL/VARTU DARK CRAWLER DARK MOTHER/FINALITY DARKHAWK/CHRIS POWEL DARKOVER, PROFESSOR  DARKSTAR/LAYNIA SERG DARLA DARLEGUNG, GEN. DAVID, PETER DAYDREAMER/CATHERINE DAYTRIPPER/AMANDA SE DAZZLER II/ALLISON B DEADLY DORIS DEADPOOL/JACK/WADE W DEANGELO, DEVLIN DEATH DEATH ADDER DEATHBIRD [SHI'AR] DEATHCRY [SHI'AR] DEATHLOK III/MICHAEL DEATHURGE DECIBEL DEFENSOR DEGANN, KRIS DELGADO DELPHI DELPHIS, SIR DELUGE II DEMI-GOD DEMOLITION MAN/DENNI DEMONICUS/DR. DOUGLA DEMONSTAFF DENAK DESIGNATE/TARENE DESTINY II/IRENE ADL DESTROYER III DEUTSCH, GEN. DEVIL DINOSAUR | MUT DEVIL-SLAYER/ERIC SI DEVLOR DEVOURER DEWITT, LUCIUS DIABLO/ESTEBAN DE AB DIAMOND, BOB DIAMOND, CHUCKY DIAMONDBACK II/RACHE DIAMONDHEAD/DYKER DIBDEB DIEGO, MANUEL DIRTY WOLFF DOC SAMSON/DR. LEONA DOMINA DOMINO III/BEATRICE/ DOMO DOOP DORMAMMU DORNOVA-BLONSKY, NAD DORREK [SKRULL] DR. DECIBEL/ANTON DE DR. DOOM | MUTANT X- DR. DOOM | TIMESLIDE DR. DOOM/VICTOR VON  DR. DRUID/ANTHONY LU DR. OCTOPUS II/CAROL DR. OCTOPUS | MUTANT DR. OCTOPUS/OTTO OCT DR. SPECTRUM/JOSEPH  DR. STRANGE | MUTANT DR. STRANGE/STEPHEN  DR. STRANGER YET DR. SUN DRACCHISS DRACULA | MUTANT X-V DRAGON MAN DRAGON OF THE MOON DRAGONFIST DRAGONFLY/VERONICA D DRAKE, WILLIAM ROBER DRAN, DAMON DRAX | MUTANT X-VERS DREADFACE DREADKNIGHT/BRAM VEL DREAMING CELESTIAL/T DROMEDAN DRUIG DRUMM, JERICHO DRY DUBOIS, NOAH DUGAN, TIMOTHY ALOYI DUNHAM, LAURA DYNA-MITE/ROGER AUBR EARTHQUAKE EDDA EDWARDS, MARTIN/DR.  EEL II/EDWARD LAVELL EELAK EENY EGMA EGO EGO-PRIME EITRI EL JAGUAR ELECTRA ELECTRO/MAX DILLON ELEKTRA | MUTANT X-V ELEKTRA/ELEKTRA NATC ELLIS, KEN ELSIE DEE ELYSIUS EMPRESS R'KILL [SKRU ENCHANTRESS/AMORA/HE ENDO, DR. SUZI ENGLEHART, STEVE ENRAKT EON EPSTEIN, MORRIS EPSTEIN, MRS. EQUILIBRIUS ERIC THE RED [SHI'AR ERISHKIGEL II/HOLLY  ERWIN, MORLEY ESON [CELESTIAL] ETERNITY/ADAM QADMON EVANS, DORIS EVE 3,031 EXECUTIONER II/SKURG EXECUTIONER IV EXETER, LT. EXODUS/BENNET DUPARI EXPEDITER II/ZOE CUL FAIRMONT, AMANDA MAN FAIRMONT, HANNAH FALCON/SAM WILSON FALCONA [INHUMAN] FALLEN | MUTANT X-VE FALZON FANDRAL [ASGARDIAN] FANDRAL | MUTANT X-V FANTASMA FARREL, MIKE FAYRELYTE STRONGHEAR FENWAY FER DE LANCE/TERESA FERAL/MARIA CALLASAN FEROCIA/ FERON FERRARI, CONNIE FIELSTEIN, FIREWORKS FIFOLET FIN FANG FOOM | MUTA FIREBALLS/JACK FARLE FIREBIRD/BONITA JUAR FIREBRAND II/BROXTEL FIREBRAND/GARY GILBE FIREFIGHT/ FIREFIST/RUSTY COLLI FIRELORD/PYREUS KRIL FIRESTAR/ANGELICA JO FIRESTRIKE/DALTON BE FIREWALL/THEARY/MIN  FITZGERALD, KENNY FIXER II/PAUL NORBER FIXER/SWEENEY FIZ [SKRULL] FLEX/ADRIAN CORBO FLINT, LT. FLO FLORES, DAHLIA FLORES, SHANICE FLY FLYING TIGER FONG, LI FONTANELLE/GLORIA DA FOOLKILLER II/GREG S FOREARM FOREIGNER/RAFAEL BAS FORGE FORGOTTEN ONE/GILGAM FOROPULIST FORRESTER, CAPT. ALE FOUNDRY FOXFIRE/OLIVIA UNDER FREE SPIRIT/CATHY WE FREEMAN, DEREK FRENCHIE/JEAN-PAUL D FRIDAY FRIGGA FROST FROST, CARMILLA FROSTBITE/DR. SLOANE FUNARO, DONNA FURGAR FURY, COL. NICHOLAS  G'RATH GAEA GAIA GALACTUS/GALAN GALTUS GAMBIT | MUTANT X-VE GAMBIT/REMY LEBEAU  GAMECOCK/ GAMELIN, JOHN T J.T. GAMMENON [CELESTIAL] GAPON, DZHOKHAR GARGOYLE II/ISAAC CH GARGOYLE | MUTANT X- GAROKK GARTHAN SAAL GATEWAY GATOR, LORD GAUNT II GAUNTLET GAZA GEATAR GEE/ALEX POWER GEIRRODUR GENECIDE GENERAL ADMISSION GENERAL OBSIDIAN GENII/JASON KIMBALL GHAUR [DEVIANT] GHOST GHOST RIDER II/JOHNN GHOST RIDER III/DAN  GIDEON GIGANTO GIN GENIE/BECKAH GLABOO GLADIATOR II GLADIATOR/MELVIN POT GLAMOUR GIRL/GLORIA GLEASON, KAREN GLOB/DR. SUMNER BECK GO-DEVIL/GO ISHIMORI GOG III GOLDBUG GOLDDIGGER GOLDEN ARCHER II/WYA GOLDEN GIRL/GWENNY L GOLDIELOCKS/ GOLEM III GORGON [INHUMAN] GORGON | MUTANT X-VE GORILLA-MAN GOYER, SAUL GRANDMASTER/EN DWI G GRANT, GLORIA GLORY GRANT, PHILLIP GRANT, SILAS GRANT, SILAS II GRAPPLER GRAY, CHARLES GRAY, SGT. GREASY GREEN GOBLIN/NORMAN  GREENSONG GREMLIN/ GREY GARGOYLE/PAUL P GREY, DR. JOHN GREY, ELAINE GREY, JEAN | MUTANT  GRIEFSAVOR GRIFFIN GRIFFIN II/JOHNNY HO GRIFFITH, D.W. GRIM REAPER/ERIC WIL GRIMM, BEN | TIMESLI GRIS-GRIS GROK GRONK GROTESK GUARDIAN V/JAMES MAC GUARDIAN/JAMES MACDO GUNTHAR II GUNTLY, DAVID GYPSY MOTH GYRICH, HENRY PETER HAAG HALE, JONAS HALL, MORGAN HAMID, SHEIK HAMILTON, MICKY HAMIR HAMMER, JUSTIN HAMMERHEAD HANRAHAN, GORDON HARDCORE/ HARGEN HARKNESS, AGATHA HARPOON HARQUIS TEY HARVEST/CHI LO HAV-AK HAVOK/ALEX SUMMERS  HAWK HAWKSHAW HAYWIRE/ HEADHUNTER/ HECTOR HECTOR II HEIMDALL [ASGARDIAN] HELA [ASGARDIAN] HELIO HELIX/RAFAEL CARAGO HELKOOKY HELLCAT/PATSY WALKER HELLER, ERIC HELLRAZOR HELLSTORM/DAIMON HEL HENCKEL, MARIA HERA/AUGUSTINE JONES HERCULES [GREEK GOD] HERMES [GREEK GOD] HERMOD [ASGARDIAN] HESCAMAR/MARNOT [ASG HIGH EVOLUTIONARY/HE HIGH OVERLORD HIGHNOTE/RAOUL HERNA HIJACKER HILDEGARDE [ASGARDIA HILDY [ASGARDIAN] HINDSIGHT LAD/CARLTO HINKLEY HIROMITSU HITLER, ADOLF HO, LI MUAN HOARFEN HOBBS, HARRIS HOBGOBLIN II/RODERIC HOBGOBLIN V/JASON PH HODER [ASGARDIAN] HOGAN, HAROLD J. HAP HOGAN, VIRGINIA PEPP HOGARTH, JERYN HOGGOTH HOGUN [ASGARDIAN] HOGUN | MUTANT X-VER HOLDEN, DR. SAMUEL HOTSHOT/LOUIS HOWARD, PROFESSOR MA HUDSON, HEATHER HULK | MUTANT X-VERS HULK/DR. ROBERT BRUC HUMAN ROBOT HUMAN TOP/DAVEY MITC HUMAN TORCH ANDROID/ HUMAN TORCH/JOHNNY S HUNCH HUNTARA/MARY ELIZABE HUNTER IN DARKNESS HUSK/PAIGE GUTHRIE HUSSAR HYDROMAN/MORRIE BENC HYENA/HENRY MORTONSO HYNNIT HYPERION HYPERION II ICE PRINCESS/ ICE-MAN | MUTANT X-V ICEMAN/ROBERT BOBBY  IGOR IKARIS | MUTANT X-VE IKARIS/IKE HARRIS [E IKONN IMPALA/ IN-BETWEENER INAZUMA INFERNO II/JOSEPH CO INFINITY II INSHALLAH, KHALID INTERLOPER INVISIBLE WOMAN/SUE  ION/ IONELLO, JASON IREZUMI/ IRIDIA [INHUMAN] IRON FIST | MUTANT X IRON FIST/DANIEL RAN IRON MAIDEN/ IRON MAN IV/JAMES R. IRON MAN V/TEEN TONY IRON MAN/TONY STARK  IRONCLAD ISHIHARA, ZOE JACK FLAG/ JACK OF HEARTS/JACK  JACKHAMMER JACKKNIFE/JACK COLE JACKSON, BRENT JACKSON, CELIA JAGRFELM [ASGARDIAN] JAILBAIT/JESS JAKAR JAM/JASMINE ARCHER JAMESON, COL. JOHN  JAMESON, J. JONAH JAMESON, MARLA MADIS JANES, FATHER MICHAE JANUS JARVIS, EDWIN  JARVIS, EDWIN | TIME JASON JAWBREAKER/ JAYE-FIRESTONE, GING JEFFRIES, DR. JELLA, PRIVATE JEMIAH JESTER II JESTER/JONATHAN POWE JETSTREAM/HAROUD IBN JIOMO JOCASTA JOLT/HALLIE TAKAHAMA JONES, ANDY JONES, BART JONES, CHARLOTTE JONES, DANIEL DANNY JONES, DRUCILLA JONES, GABE JONES, HUGH JONES, JANIS JONES, KATIE JONES, LORRAINE LORR JONES, MARLO CHANDLE JONES, NELL JONES, PHILLIP JONES, RICHARD MILHO JONES, TAMMY ANNE JONES, WALTER JOSEPH JOSEPH, SHEVA JOUST JOVAN JUBILEE/JUBILATION L JUGGERNAUT/CAIN MARK JUSTICE II/VANCE AST JUSUR JUVAN JYX KA-ZAR/KEVIN PLUNDER KABALLA KAISHEK, GOM KAISHEK, HAAN KAISHEK, KIA KAISHEK, YOLYN KAMINARI KAMO THARNN KANGAROO II/ KAPPELBAUM, MRS. KARKAS [DEVIANT] KARKAS | MUTANT X-VE KARMA/XI'AN COY MANH KARNAK [INHUMAN] KARNAK | MUTANT X-VE KARNILLA [ASGARDIAN] KARNIVOR KASPIN KAZAKI, SHINJI KAZE KELLY, SEN. ROBERT E KEMEL, MEHMET KENT, CLARK KEY/ KHIRN KHORYPHOS [ETERNAL] KICKBACK/RICHARD KILLBREW, DR. KILLER SHRIKE/SIMON  KILLMONGER, ERIC/N'J KILLRAVEN/JONATHAN R KINCAID, DR. JANE FO KINCAID, DR. KEITH KINCAID, JIMMY KINGO SUNEN [ETERNAL KINGPIN/WILSON FISK KINGSLEY, DANIEL KIRIN KISMET/J'RIDIA STARD KITANG KLAER KLAW/ULYSSES KLAW KLEINFELDT, LORNA KNAVE KNIGHT ERRANT II KNIGHT, MISTY KNOCKOUT KOSINSKI, HARLEY KRAA KRAKEN KRAMER, KENNY KRAMER, STACEY KRAUS, DR. FREIDERIC KRAVEN THE HUNTER II KRAVEN THE HUNTER/SE KREDDICK KREIGER, SIMON KRISTOFF/KRISTOFF VE KRIVEN KRO [DEVIANT] KRONOS KRUEGER KRUSH KUBIK KUKULCAN/VIRAKO/QUET KUROKO/ KURSE/ALGRIM [ASGARD LA NUIT LACOSTE, RAE LADY DEATHSTRIKE/YUR LADY LARK/LINDA LEWI LANCER/SAMANTHA DUNB LANDERS, GENA LANDERS, RAY LANDERS, RICKY LANE, LOIS LANG, CASSANDRA CASS LANGSTROM, LIEUTENAN LANIEGE, BIANCA LANN LAPIN, EMIL LAU, KING LAVEAU, MARIE LE FEY, MORGAN LEADER/SAM STERNS LEBEAU, JACQUE LEBEAU, JEAN-LUC LEBEAU, MERCY LEE, STAN LEECH LEEDS, BETTY BRANT LEEDS, NED LEGION II/DAVID HALL LEGS II/ LEGS/ LEIR LEONUS/LIONUS [INHUM LETHA LEVAN LIBRA/GUSTAV BRANDT LIBRITO LICH LIGHT LIGHTSPEED/JULIE POW LILANDRA NERAMANI [S LINAK LIPSCOMB, DR. ANGELA LIVING LIGHTNING/MIG LIVING MONOLITH/AHME LIVING MUMMY LIVING TRIBUNAL LIZARD/DR. CURTIS CO LLOIGOROTH LLYRA/LLYRA MORRIS LLYRON LOBO LOBO III LOCKHEED LOCKJAW [INHUMAN] LOCKLIN, GENERAL MER LOCUST LOGA II LOGAN, WAYNE LOKI [ASGARDIAN] LONGSHOT LONKARR LORELEI LORELEI II/MELODI [A LOWELL, DR. LUBENSKI, NATE LUCAS, JAMES LUCAS, JAMES JR. LUMINOR LUMPKIN, WILHEMINA B LUMPKIN, WILLIAM WIL LUMPKIN, WILLIE | TI LUNA/LUNA MAXIMOFF [ LUPO LYJA LAZERFIST [SKRU LYNNE, MONICA M'DAKA M'SHULLA MACHETE/FERDINAND LO MACHINE MAN/X-51 MACTAGGERT, MOIRA KI MAD DOG/COLONEL BUZZ MADAME MASQUE II/ MADAME MASQUE/GIULIE MADAME MENACE/SUNSET MADCAP MADDICKS, ARTHUR ART MADMAN/PHIL STERNS MAELSTROM/MALCOLM ST MAGGOTT/JAPHETH MAGIK/ILLYANA RASPUT MAGMA/AMARA AQUILLA/ MAGNETO | MUTANT X-V MAGNETO/MAGNUS/ERIC  MAGOG II MAGUS MAJESTON ZELIA MAJOR DOMO MAJOWSKI, SAM MOTHER MAKKARI/MIKE KHARY/I MALACHI MALAN Sometimes spel MALEKITH/MALCOLM KEI MALICE IV MALICE V/NAKIA MALUS, DR. KARL MAN-APE/M'BAKU MAN-BEAST MAN-SPIDER | MUTANT  MANAT MANBOT/BERNIE LACHEN MANDARIN MANDARIN, JAMES MANGOG MANH, COY LEONG XUI MANH, COY NGA MANOLIS, LT. NICK MANSLAUGHTER MANT/ERNEST MANTA MARCEAUX, BELIZE MARCEAUX, THEOREN MARGOYLE MARISSA (OF GENE-TEC MARISTA MARITA MARRERO, ED MARROW/SARAH  MARRS(-PAYNE), PHOEB MARRS, DESMOND MARTIN, ASHLEY MARTIN, TERI MARTINELLI, VINCENT  MARVEL BOY III/ROBER MARVEL GIRL II/VALER MARVEL GIRL/JEAN GRE MARVEL WOMAN | MUTAN MARX MASON, LOUISE MASON, WANDA MASQUE MASTER KHAN/TYRONE K MASTER LINK/WILLIS H MASTER MAN/WILHELM L MASTER MENACE/DR. EM MASTER MOLD II MASTER/ESHU MASTERMIND/JASON WYN MASTERS, ALICIA REIS MASTERS, DR. AUGUST MASTERSON, KEVIN MASTON-DAR MATHEMANIC/THOMAS SO MAXIMOFF, DJANGO MAXIMUS [INHUMAN] MAXOV MAXWELL, DR. WILFRED MCCABE, NINA MCCALL, MEREDITH | T MCCOY, EDNA ANDREWS MCHELE, JEREMY MCKENZIE, LEON MCLEISH MCMURRAY, YVONNE MCPHAIL, NATALIE MEACHUM, JOY MEACHUM, WARD MEANY MEDINA, ANALISA MARI MEDUSA | MUTANT X-VE MEDUSA/MEDUSALITH AM MEER, MAX MEGGAN MELONIE MENTALLO MENTOR/ALARS [ETERNA MEPHISTA MEPHISTO MERCADO, JOY MERCURY MERCY MERRYWEATHER, IRENE MESMERO METEORITE MEXXA RIEN MICROCHIP/LINUS LIEB MIDAS MIDNIGHT III/JEFFREY MIDWIFE MIKHLO MILLER, CHRIS MILLER, STACI MURPHY MILLER, TRACE MINDBLAST MINDWAVE MINERVA [KREE] MINISTER TOME MINSTER HOARD MINT JULEP MINXI [INHUMAN] MIRAGE MIRAGE II/DANIELLE M MISS THING/MARY MISSING LINK II/RAY  MISTER HYDE/CALVIN Z MO MO MONEY MOCKINGBIRD/DR. BARB MODAM MODOK/GEORGE TARLETO MOJO MOK MOLE MAN/HARVEY RUPE MOLECULE MAN/OWEN RE MONGOOSE MONOCLE MONTANA II MONTESI, VICTORIA MONTGOMERY MOON KNIGHT | MUTANT MOON KNIGHT/MARC SPE MOON WOLF/ MOONDRAGON/HEATHER D MOONHUNTER/ZACK MOON MOONSTALKER/KIANA MOONSTONE II/KARLA S MOONSTONE/LLOYD BLOC MORDO, ASTRID MORG MORGAN MORGAN, DR. VIVIAN MORGAN, JERROLD JERR MORLAK, MARIS MORPHEUS/ROBERT MARK MORRELL, SABRINA MORRISON, AMANDA PAY MORRISON, JESSICA MOSES MOTHER-OF-PAIN MOY, ALYSSA MR. FANTASTIC/REED R MR. JIP MR. SINISTER/NATHAN  MR. X MROTH MS. MARVEL II/SHARON MULTIPLE MAN/JAMES A MUNIPOOR MURDER MURDOCK, BATTLING JA MURDOCK, MATT | TIME MURMUR II/ARLETTE TR MURPHY, MELISSA MUTO, JUNZO MYSTERIA/ MYSTERIUM/DR. JOSEPH MYSTIQUE/RAVEN DARKH N'GAMO NAGAN, DR. ARTHUR NAMORITA | MUTANT X- NAMORITA/NITA PRENTI NANNY II NAZE NEBULA NEBULO NEBULON NECRODAMUS NEDDA NEKRA/ADRIENNE HATRO NELSON, FRANKLIN FOG NEREEL NEW SUN NEWELL, DIANE ARLISS NEZARR NHU'ABDAR NICODEMUS II NIELS NIGHT THRASHER/DUANE NIGHTCRAWLER | MUTAN NIGHTCRAWLER/KURT WA NIGHTHAWK II/KYLE RI NIGHTHAWK III/NEAL NIGHTHAWK/KYLE RICHM NIGHTMARE/EDVARD HAB NIGHTSHADE/TILDA NIGHTSIDE NITRO/ROBERT L. HUNT NIVENA, JOANNA NIXON, RICHARD NOBILUS NOMAD III/JACK MONRO NORRISS, JACK NORRISS, SISTER BARB NORTH, DAKOTA NORTHSTAR/JEAN-PAUL  NOVA II/FRANKIE RAYE NOVA III/FRANKIE RAY NOVA OMEGA/GARTHAN S NOVA | MUTANT X-VERS NOVA-PRIME NOVA/RICHARD RIDER NUKE NURO O'BRIEN, MICHAEL O'NEILL, DET. BRADY OBLIVION OCCULT ODDBALL/ELTON HEALEY ODIN [ASGARDIAN] OGRESS/ OGUN OKOYE OLD SKULL OLD WOMAN OLLSEN, BO OLSEN, JIMMY OMNIBUS/LT. DALLAS OMORO ONE ABOVE ALL [CELES ONEG ORACLE/LADY SIBYL ORIKAL ORINI ORKA ORPHAN II/GUY SMITH ORPHAN-MAKER/PETER OSBORN, LIZ ALLAN OSHTUR OVERBOSS DIXON OVERMIND/GROM OWL/LELAND OWLSLEY OXTON, PROFESSOR HEN OZYMANDIAS P'KAR PAGE, KAREN PALADIN/PAUL DENNIS PANTHER CUB/ PAPA HAGG PARALYZER PARETSKY, DR. GARY PARIS PARKER, MAY PARKER, MAY | TIMESL PARKER, PETER | TIME PATCH II PAVANE II PEARSON, MARCY PEATOR PELTINO, LT. PENANCE/MONET ST. CR PEREGRINE, LE/FRANCK PEREZ, GEORGE PERRIKUS PERUN PHAE-DOR PHARAOH RAMA-TUT PHASTOS [ETERNAL] PHAT/BILLY BOB REILL PHOBIUS PHOENIX 2013 PHOENIX II PHOENIX III/RACHEL S PIERCE, DONALD PIERSON, FRED PILEDRIVER II/BRIAN  PINK PEARL/ PIP/PRINCE GOFERN PIPER PLANNER PLANTMAN/SAM SMITHER PLASMA WRAITH PLASMA/ PLAZM PLUNDER, ADAM KYLE M PLUTO [OLYMPIAN] PO PO, KIM POITIER, CLAUDE POLARIS | MUTANT X-V POLARIS/LORNA DANE POLOMBO, CATHY POMEROY, SYLVIA PORCAL PORCUPINE/ALEX GENTR POUNDCAKES/MARIAN PO POWELL POWER MAN II | MUTAN POWER MAN III/STEELE POWER MAN/ERIK JOSTE POWER PRINCESS/ZARDA POWER, DR. JIM POWER, MARGARET POWERHOUSE/RIEG DAVA PREECHA PREYY PRINCE REY PRINCESS NEPTHYS/SAN PRINCESS PEARLA PRINCESS PYTHON/ZELD PRINCESS SANDELLA PROFESSOR X | MUTANT PROFESSOR X/CHARLES  PROMETHEUS II PROMETHEUS [OLYMPIAN PROTECTOR III/ PSI-LORD/FRANKLIN BE PSYLOCKE/ELISABETH B PUCK/EUGENE MILTON J PUDDLEGULP PUFF ADDER PULSSUS PUNISHER PUNISHER II/FRANK CA PURPLE MAN/ZEBEDIAH  PYLLAR PYRO/ALLERDYCE JOHNN Q'WAKE/QUAKE QNAX QUAGMIRE QUARRY QUARTERMAIN, CLAY QUASAR III/WENDELL V QUEEN DIVINE JUSTICE QUENTINO QUESTA QUICKSAND QUICKSILVER | MUTANT QUICKSILVER/PIETRO M QUILL R'TEE RA'AL RABIN, GRETTA RADIUS/JARED CORBO RAGAR RAGE/ELVIN DARYL HAL RAGGADORR RAHN, TAMARA RAI RAKESH RAKIM, SEN. KAMAL RAKSOR [SKRULL] RAM, SIR RAMA KALIPH RAMAN RAMBO RAMIREZ, JAVIER RAMONDA RAMOS, MANUEL RAPIER RASPUTIN, LUCIFER RASPUTIN, MIKHAIL RASPUTIN, NIKOLAI RASPUTINA, ALEXANDRA RASSITANO, MAD DOG RATTACK RATTLER RAVEN | MUTANT X-VER RAVONNA LEXUS RENSLA RAX RAYMOND, ANN RAZOR/ REAGAN, RONALD REANIMATOR/ RECORDER II RED GHOST/IVAN KRAGO RED GUARDIAN II/ALEX RED GUARDIAN III/DR. RED GUARDIAN V RED QUEEN RED SKULL/JOHANN SCH RED WOLF III/WILL TA REDEEMER/CRAIG SAUND REDWING REESE, MURRAY REIGNFIRE/ REISZ, RAY REJECT/RAN-SAK [DEVI REMIPED REMORA REPLICUS REVELATION REYES, DR. CECELIA REYES, DR. DANIEL RHINO RICHARDS, FRANKLIN 2 RICHARDS, FRANKLIN B RICHARDS, NATHANIEL RICHARDS, REED | MUT RICHMOND, DELROY RICOCHET RITA RICTOR/JULIO ESTEBAN RIDDLEY, HIRAM RAM RIDER, CHARLES RIDER, GLORIA RIDER, ROBERT ROBBIE RIGER RIGHT RINGER II RINGER/ANTHONY TONY  RINGMASTER/MAYNARD T RINTRAH RIOT II/ RITTER, DEBORAH  RITTER, DONALD RIVERA, DR. JASON ROBERTS, CHESS ROBERTSON, JOE ROBERTSON, MARTHA ROCK PYTHON ROCK/SAMUEL JOHN ROC ROCKETLAUNCHER/ RODRIGUEZ, DEBRA ROGUE / ROGUE | MUTANT X-VER ROLLINS, MRS. ROM, SPACEKNIGHT ROMA ROOTAR ROSELLINI, ROBERTA ROSEN, WALTER ROSENTHAL, BERNIE ROSS, EVERETT KENNET ROSS, GEN. THADDEUS  ROULETTE II/JENNY ST ROUST RUBY RUIZ, RIGGER RYAN, THOMAS RYNDA SABOTEUR/ SABRA/RUTH BAT-SERAP SABRE SABRETOOTH/VICTOR CR SABUKI, DR. SAM SACRIFICER SAINT ANNA SAKAA SAMUELS SANADA, KONO SANDERS, DET. NAPOLE SANDMAN/WILLIAM BAKE SANDOR, PROFESSOR IS SANDY SAPPHIRAS SAPRISTI, JERRY SASQUATCH II SASQUATCH/WALTER LAN SATANNISH SAUL SAURON/DR. KARL LYKO SCALPHUNTER SCANNER/SKERA SCARFE, RAFAEL SCARLET CENTURION SCARLET WITCH/WANDA  SCHUYLER, DR. REBECC SCOURGE SCRAMBLER SCREAMING MIMI/MELIS SEDNA SEEKER III SEEKER/TARM SELENE SEMIJAN SERGEI SERSI | MUTANT X-VER SERSI/SYLVIA SERVITOR SET SETH SETH II SHADOW KING/AMAHL FA SHADOWCAT 2013 SHADOWCAT/KATHERINE  SHADOWKNIGHT/RANDALL SHALAK SHAMAN/MICHAEL TWOYO SHAMROCK/MOLLY FITZG SHANGA SHANNA/SHANNA O'HARA SHANZAR SHAPE SHARD SHARK/ SHARPE, ROSALINDE SHATTERFIST/ SHATTERSTAR II/GAVEE SHAUNEGHANN, MICHAEL SHAZANA SHE-CAT SHE-HULK/JENNIFER WA SHEFFIELD, LEAH SHELLSHOCK/ SHERIDAN, RICHARD RI SHERMAN, GEN. SHINSKI, PROFESSOR W SHIP SHIRE, DR. RANDALL SHOOTING STAR SHORR, JACQUELINE SHROUD/MAXIMILLIAN Q SHULK SHUMA-GORATH SICKLE SIDEWINDER/SETH VOEL SIF SIGYN SIINGARD SILHOUETTE SILVANI, VITTORIO SILVER DAGGER/ISAIAH SILVER SABLE SILVER SAMURAI/KENYU SILVER SURFER/NORRIN SILVERMANE/SILVIO MA SIMBUS SIMONSON, LOUISE SINGER SINTARIIS SIROCCO SIRYN/THERESA ROURKE SITWELL, JASPER SKAR SKIDS/SALLY BLEVINS SKIN/ANGELO ESPINOSA SKOLL SKUNGE SKYMAX/SK'YM'X/JAMES SLADE SLEDGE SLEEK SLEEPWALKER SLITHER SLOAN, FRED SLOTOTH SLUJ SLUK SMASHER IV SMOKESCREEN/ SNAGG SNAPDRAGON/SHEOKE SA SNARE SNOW, CHARLIE SNOW, TANDY SNOWBIRD/NARYA/ANNE  SOMMERS, APRIL SONDHEIM, ERICA SOUL MAN/FATHER JASO SOUTHERN, CANDY SPAR, DR. KATHERINE  SPARROW SPEEDBALL II/DARRION SPEEDBALL/ROBBIE BAL SPHINX SPHINX II SPIDER-MAN CLONE/BEN SPIDER-MAN/PETER PAR SPIDER-WOMAN II/JULI SPIDER-WOMAN/JESSICA SPIKEY SPIRAL SPITFIRE/LADY JACQUE SPLICE/CHANDRA KU SPOOKY SPRITE SPROCKET SPUNJE SPYMASTER II ST. LAWRENCE, COL. C ST. THOMAS, JULES STAINED GLASS SCARLE STALLIOR STAMP, J.Q. STANDISH, GEN. STANKOWICZ, FABIAN STAR THIEF II STAR-STALKER STARBOLT STARDUST/T'URIN G'AR STARFOX/EROS STARK, HOWARD STARK, HOWARD | TIME STARK, MARIA | TIMES STARK, MORGAN STARSHINE II/BRANDY  STEEL SERPENT STEEL WIND STEELE, BOBBY STEELE, MARCY MASTER STEEPLEJACK II/MAXWE STELLARIS/LEAH PRINC STERLING STERMAN, ANDREA ANDI STEWART, MACKINLEY STEWART, MADDIE STEWART, TINA STILETTO STILT-MAN/WILBUR DAY STINGER IV STINGRAY | MUTANT X- STINGRAY/DR. WALTER  STINKY STONE, LT. MARCUS STONE, MARGARET STONEWALL/LOUIS HAMI STORM, SUE | TIMESLI STORM/ORORO MUNROE S STRANGER STRANGLER STRIDER STRIKER, SAM STRONG GUY | MUTANT  STRONG GUY/GUIDO CAR STRONGHOLD/ STRYFE STRYKER, WILLIS STUART, DR. ALISTAIR SUB-MARINER | MUTANT SUB-MARINER/NAMOR MA SUMMERS, DEBORAH SUMMERS, MADELYNE MA SUMMERS, NATHAN CHRI SUMMERS, PHILIP SUMMERS, SCOTT III | SUMO SUNFIRE/SHIRO YOSHID SUNSPOT/ROBERTO DACO SUNTURION/ARTHUR DEA SUPER SABRE/MARTIN F SUPER SKRULL/KL'RT SUPER-ANDROID F-4 SUPERIA/WENTWORTH, D SUPREME INTELLIGENCE SURTUR SUTTON, JOHN SUZIE SWORDSMAN IV/ SYNCH/EVERETT THOMAS SZARDOS, MARGALI T T'CHAKA TABESHAW, HARRY TAGAR TAI II TAIFU/TOSHIO SASAKI TAKAHASHI, REI TAKU TALBOT, GLENN TALBOT, MAJ. MATT TALISMAN TANA NILE TANAKA, KENJIRO TANTE MATTIE TARAKIS TAREVA TARGON TARNOK-KOL TAROT/MARIE-ANGE COL TASKMASTER TAURUS/CORNELIUS VAN TAYLOR, JACK TEFRAL TEMPEST/GRANNZ TEMPUS TEN FOR TENELLE TERMINUS TERRAFORMER/SAM TERRAX II/TYROS TEXAS TWISTER/DREW D THAKOS THANOS THENA THERA THERAK THERNON THING/BENJAMIN J. GR THINKER THOMAS, COMMANDER DA THOMAS, ROY THOMPSON, EUGENE FLA THOR II/ROGER RED NO THOR IV/DARGO THOR REPLICOID THOR | MUTANT X-VERS THOR/DR. DONALD BLAK THORPE, GORDON THUNDERBALL/DR. ELIO THUNDERBIRD II/JAMES THUNDERBOLT II/LUIS THUNDERSTRIKE/ERIC K THUNDRA TIGER SHARK/TODD ARL TIGRA/GREER NELSON TILBY, TRISH/PATRICI TIMBERIUS TIMBERIUS II TIMESLIP/RINA PATEL TITANIA II/MARY SKEE TOAD/MORTIMER TOYNBE TOBIAS TODD, FISHER TOKKOTS TOL-NOK TOLLIVER TOM THUMB/THOMAS THO TOMAZOOMA TOMBSTONE/LONNIE THO TONGAH TOPAZ TORGO TORK, SGT. TORO/TOM RAYMOND TORPEDO III/BROCK JO TRAPPER/VOLA TRAPSTER/PETER PETRU TRASK, LAWRENCE LARR TRAUMA TRAVELER TRAYNOR, HARLEY TRIATHLON/DELROY GAR TRITON TRITON | MUTANT X-VE TRUMP/ TRUTH TRUTH II TSERRON TSUNG, MARCUS TSURAYABA, MATSUO TUPA TURBO II (A)/MICHIKO TURBO II (B)/MIKE JE TURK II TUTINAX TUVO TWEEDLEDOPE TYGER, LORD TYR TYRANNUS TYRANT TYRUS U-GO GIRL/EDIE UATU ULIK ULTRON ULYSSES ULYSSES II UMAR UNI-LORD UNION JACK II/BRIAN  UNION JACK III/JOEY  UNION JACK/LORD MONT UNIT UNSEEN/UNAM UNUS THE UNTOUCHABLE UPLINK/HECTOR FUENTE URICH, BEN UROC URSA MAJOR/MIKHAIL U URSON-WELLZ USAGENT/CAPTAIN JOHN VAGABOND/PRISCILLA L VALINOR VALKIN VALKYRIE II | MUTANT VALKYRIE IV VALTORR VAMP VANGUARD/NICOLAI KRY VANISHER VANKIN, JONATHAN VAPOR VARUA/MIRA VASHTI VECTOR VEIL VENUS II VERMIN, LADY VERTIGO II VESTA VIBRAXAS/N'KANO VINCENT, DANNY VIPER II VIRA VIRAKO VISARA VISION  VIVISECTOR/MYLES ALF VIZIER VOLCANA ASH VOLCANA/MARSHA ROSEN VOLSTAGG VOLSTAGG | MUTANT X- VOLX VON DOOM, CYNTHIA VOSTOK VULTURE/ADRIAN TOOME VYREK W'KABI WALKER, JILL WALKER, SHERIFF CHAN WALKER, TESS WALL/ WALTERS, CHAP WARBOW/ WARFIST WARHEAD/GREGORY SLIV WARLOCK II/ADAM WARL WARLOCK III WARPY WARRIOR WOMAN/JULIA  WARSTAR WARTON/WARBECK WASP/JANET VAN DYNE  WATER WIZARD/PETE WATERS, SETH WATOOMB WATSON, ANNA WATSON, KRISTY WATSON-PARKER, MARY  WATTS WEAK LINK/ERNIE MILL WEAPON X II/GARRISON WEIN, GLYNIS WEIN, LEN WEISS, KONRAD KONNIE WENDY WEREWOLF BY NIGHT/JA WETHERELL, MANOLI WHEELER WHEELER, M'KONI MARY WHIPLASH II/ WHIPLASH/MARK SCARLO WHITE QUEEN/EMMA FRO WHITE TIGER II/ WHITE TIGER/HECTOR A WHITE WOLF/HUNTER WHITECLOUD, MICHAEL WHITEOUT WHITMAN, DEBRA WHIZZER II/STANLEY S WHIZZER/ROBERT L. FR WIBBOW WILD CHILD/KYLE GIBN WILD MAN/ALEX WILDMA WILD ONE WILDSIDE WILLIAMS, MINDY WILSON, DUBOSE WILSON, JIM WINDY WING, COLLEEN WINGFOOT, WYATT WISDOM, PETER WISDOM, ROMANY WIZ KID/TAKESHI MATS WIZARD/BENTLEY WITTM WOLFE, SARA WOLFSBANE/RAHNE SINC WOLVERINE | MUTANT X WOLVERINE/LOGAN  WONDER MAN/SIMON WIL WONG WOO, SONIA WOODGOD WORM WRANGLER II/EMILY DO WRANGLER/ WRECKER III/DIRK GAR WRONG WU, SONIA X-CUTIONER/CARL DENT X-MAN/NATHAN GREY  X-RAY XIANDU YAMIR, SASHA YANDROTH YASHIDA, MARIKO YASHIDA, MARIKO | MU YEE, WAI CHEE YELLOWJACKET II | MU YELLOWJACKET II/RITA YGMLOSVORRAICH YIN, ANGELA YIN, DR. SU YLA YMIR YOUNG, LAWRENCE YRDISIS YUKIO ZABU ZALADANE ZARAN/MAXIMILLIAN ZA ZARATHUSTRA ZARIN ZARRKO, ARTHUR ZCANN ZEDRAO, GENERAL ZEFRA ZEITGEIST II/AXEL CL ZEMO/BARON HEINRICH  ZEUS ZIMMER, ABE ZIRAN ZOLA, ARNIM ZOM ZON ZOTA ZURAS ZURI ZZZAX

# END_TEST