# START_TEST
# NAME OneHop
# test a graph can be loaded and correctly find the path from A to B.

# Create a graph and load data
loaded graph heros


path from Ernst-the-Bicycling-Wizard to Perkins-the-Magical-Singing-Instructor:
Ernst-the-Bicycling-Wizard to Perkins-the-Magical-Singing-Instructor via CSE331

path from Ernst-the-Bicycling-Wizard to Grossman-the-Youngest-of-them-all:
Ernst-the-Bicycling-Wizard to Grossman-the-Youngest-of-them-all via CSE331

# END_TEST