# START_TEST
# NAME SelfEdge
# test if we can add edge to the graph
# Create a graph
created graph graph1

# Add a pair of nodes
added node ValidNode1 to graph1

# Add an edge
added edge label1 from ValidNode1 to ValidNode1 in graph1
# END_TEST