# START_TEST
# NAME ListEmptyNodes
# test a graph can be loaded and correctly list nodes.

# Create a graph and load data
loaded graph heros

heros contains:

# END_TEST