# START_TEST
# NAME MultipleNodes
# test if we can listNode in the graph.

# Create a graph
created graph graph1

# Add a pair of nodes
added node Content1 to graph1
added node Content2 to graph1

# Print the nodes in the graph
graph1 contains: Content1 Content2
# END_TEST