# START_TEST
# NAME SingleNode
# test if we can listNode in the graph.
# Create a graph
created graph graph1

# Add single node
added node Content1 to graph1

# Print the nodes in the graph
graph1 contains: Content1
# END_TEST