# START_TEST
# NAME EmptyNode
# Create a graph
created graph graph1

# Add No nodes

# Print the nodes in the graph
graph1 contains:
# END_TEST