Menu:
	r to find a route
	b to see a list of all buildings
	q to quit
