# START_TEST
# NAME SelfEdgeInLargeDataSet
# test a graph can be loaded and correctly find the path from A to B.

# Create a graph and load data
loaded graph heros


path from WISDOM, PETER to WISDOM, PETER:

# END_TEST